a : (Show 'a) => ('a -> (string * ('b -> string)))
show : (Show 'a) => ('a -> string)
