Error at line 9, column 18: Unexpected token 'If'.

