Error at line 11, column 1: Unexpected token 'In'.

