Semantic error at line 8, column 1: Impure bindings are not allowed in typeclasses unless the typeclass has the impure qualifier.
Typing error at line 11, column 9: Typeclass 'MyClass' does not have an instance for 'string'.

