Error at line 9, column 1: Qualifiers are invalid for this type of syntax element.

