Semantic error at line 5, column 1: Impure binding must be marked with an impure qualifier.

