Semantic error at line 5, column 1: Match is not exhaustive.

