Error at line 5, column 1: Memoized functions cannot be defined with a pattern match.

