Error at line 5, column 1: Impure functions cannot be memoized.
Error at line 10, column 10: Use of unbound variable 'fib'.

