Error at line 11, column 1: Memoize is an invalid qualifier for this syntax element.

