it : (Ord 'b, Num 'a) => ('a -> ('b -> ('a * bool)))
