_ : opaque
console_log : ('a -> unit)
console_log_untyped : ('a -> opaque)
