a : (Show 'a, Num 'a) => ('a -> ('a -> (string * 'a)))
show : (Show 'a) => ('a -> string)
