Error: Typeclass 'Add' does not exist.
Error at line 10, column 9: Use of unbound variable 'add'.
Error at line 11, column 38: Use of unbound variable 'a'.

