add : (Add 'a) => ('a -> ('a -> 'a))
res : (int * float)
