Typing error: Failed to unify types 'string' and 'int'.
Typing error at line 9, column 9: Typeclass 'Show' does not have an instance for 'bool'.

