Type error: Failed to unify types 'bool' and 'int'.
Evaluation failure

